// Jest Snapshot v1, https://goo.gl/fbAQLP

exports[`renders correctly 1`] = `
<div
  className="nav-bar"
>
  <label>
    Synergist Test Project 
  </label>
  <button
    className="link"
  >
    Add Map
  </button>
</div>
`;
